// Jest Snapshot v1, https://goo.gl/fbAQLP

exports[`AddWorkout.vue snapshot contains h1 tag 1`] = `<h1>Workout List App</h1>`;

exports[`AddWorkout.vue snapshot renders correctly 1`] = `
<div
  data-v-app=""
>
  
  <form
    id="add"
  >
    <div
      class="input-row"
    >
      <label>
        Workout type:
      </label>
      <input
        type="text"
      />
    </div>
    <div
      class="add-exercise-btn"
    >
      <h3>
        Add exercises:
      </h3>
    </div>
    <div
      class="input-row-exercises"
    >
      <div>
        <label>
          Exercise name:
        </label>
        <input
          type="text"
        />
      </div>
      <div>
        <label>
          Repets count:
        </label>
        <input
          type="number"
        />
      </div>
      <div>
        <label>
          Sets count:
        </label>
        <input
          type="number"
        />
      </div>
    </div>
    
    <div
      class="exercises-div"
    >
      <p>
        <span
          class="exercises-count"
        >
          1. 
        </span>
        <span>
          Exercise name: 
        </span>
        <span>
           - 
        </span>
        <span>
          Repets count: 
        </span>
        <span>
           / 
        </span>
        <span>
          Sets count: 
        </span>
      </p>
    </div>
    <div
      class="exercises-div"
    >
      <p>
        <span
          class="exercises-count"
        >
          2. 
        </span>
        <span>
          Exercise name: 
        </span>
        <span>
           - 
        </span>
        <span>
          Repets count: 
        </span>
        <span>
           / 
        </span>
        <span>
          Sets count: 
        </span>
      </p>
    </div>
    
    <button
      class="btn-add-exercise"
      submit.prevent=""
    >
      ADD EXERCISE
    </button>
  </form>
  <button
    class="btn-save"
  >
    SAVE WORKOUT
  </button>
  
</div>
`;
